<html>
<body>
<pre>
<h1>µVision Build Log</h1>
<h2>Project:</h2>
F:\Git_local\GRBL-0.9j-for-STM32\_project\Template.uvproj
Project File Date:  12/06/2016

<h2>Output:</h2>
Build target 'STM32'
compiling main.c...
compiling stm32f10x_it.c...
compiling system_stm32f10x.c...
compiling eeprom.c...
compiling nuts_bolts.c...
compiling coolant_control.c...
compiling serial.c...
compiling print.c...
compiling report.c...
compiling probe.c...
compiling spindle_control.c...
compiling limits.c...
compiling settings.c...
compiling system.c...
compiling stepper.c...
compiling gcode.c...
compiling planner.c...
compiling protocol.c...
compiling motion_control.c...
compiling bit.c...
compiling strprintf.c...
compiling sys.c...
compiling delay.c...
compiling simuspi.c...
compiling simui2c.c...
compiling HW_GPIO.c...
compiling HW_USART.c...
compiling HW_TIM.c...
compiling HW_EEPROM.c...
compiling HW_EXTI.c...
compiling HW_PWM.c...
compiling misc.c...
compiling stm32f10x_adc.c...
compiling stm32f10x_bkp.c...
compiling stm32f10x_can.c...
compiling stm32f10x_cec.c...
compiling stm32f10x_crc.c...
compiling stm32f10x_dac.c...
compiling stm32f10x_dbgmcu.c...
compiling stm32f10x_dma.c...
compiling stm32f10x_exti.c...
compiling stm32f10x_flash.c...
compiling stm32f10x_fsmc.c...
compiling stm32f10x_gpio.c...
compiling stm32f10x_i2c.c...
compiling stm32f10x_iwdg.c...
compiling stm32f10x_pwr.c...
compiling stm32f10x_rcc.c...
compiling stm32f10x_rtc.c...
compiling stm32f10x_sdio.c...
compiling stm32f10x_spi.c...
compiling stm32f10x_tim.c...
compiling stm32f10x_usart.c...
compiling stm32f10x_wwdg.c...
compiling core_cm3.c...
assembling startup_stm32f10x_md.s...
linking...
Program Size: Code=43140 RO-data=1044 RW-data=72 ZI-data=5256  
FromELF: creating hex file...
".\_obj\Template.axf" - 0 Error(s), 0 Warning(s).
